mediaDevices is: undefined